CMake Deprecation Warning at /usr/local/lib/android/sdk/ndk/27.0.12077973/build/cmake/android.toolchain.cmake:35 (cmake_minimum_required):
  Compatibility with CMake < 3.10 will be removed from a future version of
  CMake.

  Update the VERSION argument <min> value.  Or, use the <min>...<max> syntax
  to tell CMake that the project requires at least <min> but has been updated
  to work with policies introduced by <max> or earlier.
Call Stack (most recent call first):
  /usr/local/share/cmake-3.31/Modules/CMakeDetermineSystem.cmake:146 (include)
  CMakeLists.txt:2 (project)


CMake Deprecation Warning at /usr/local/lib/android/sdk/ndk/27.0.12077973/build/cmake/android-legacy.toolchain.cmake:35 (cmake_minimum_required):
  Compatibility with CMake < 3.10 will be removed from a future version of
  CMake.

  Update the VERSION argument <min> value.  Or, use the <min>...<max> syntax
  to tell CMake that the project requires at least <min> but has been updated
  to work with policies introduced by <max> or earlier.
Call Stack (most recent call first):
  /usr/local/lib/android/sdk/ndk/27.0.12077973/build/cmake/android.toolchain.cmake:55 (include)
  /usr/local/share/cmake-3.31/Modules/CMakeDetermineSystem.cmake:146 (include)
  CMakeLists.txt:2 (project)


CMake Deprecation Warning at /usr/local/lib/android/sdk/ndk/27.0.12077973/build/cmake/android.toolchain.cmake:35 (cmake_minimum_required):
  Compatibility with CMake < 3.10 will be removed from a future version of
  CMake.

  Update the VERSION argument <min> value.  Or, use the <min>...<max> syntax
  to tell CMake that the project requires at least <min> but has been updated
  to work with policies introduced by <max> or earlier.
Call Stack (most recent call first):
  build/CMakeFiles/3.31.6/CMakeSystem.cmake:6 (include)
  CMakeLists.txt:2 (project)


-- The C compiler identification is Clang 18.0.1
-- Detecting C compiler ABI info
CMake Deprecation Warning at /usr/local/lib/android/sdk/ndk/27.0.12077973/build/cmake/android.toolchain.cmake:35 (cmake_minimum_required):
  Compatibility with CMake < 3.10 will be removed from a future version of
  CMake.

  Update the VERSION argument <min> value.  Or, use the <min>...<max> syntax
  to tell CMake that the project requires at least <min> but has been updated
  to work with policies introduced by <max> or earlier.
Call Stack (most recent call first):
  /home/runner/work/dobby_lua_dump_build/dobby_lua_dump_build/build/CMakeFiles/3.31.6/CMakeSystem.cmake:6 (include)
  /home/runner/work/dobby_lua_dump_build/dobby_lua_dump_build/build/CMakeFiles/CMakeScratch/TryCompile-VPjlMS/CMakeLists.txt:4 (project)


CMake Deprecation Warning at /usr/local/lib/android/sdk/ndk/27.0.12077973/build/cmake/android-legacy.toolchain.cmake:35 (cmake_minimum_required):
  Compatibility with CMake < 3.10 will be removed from a future version of
  CMake.

  Update the VERSION argument <min> value.  Or, use the <min>...<max> syntax
  to tell CMake that the project requires at least <min> but has been updated
  to work with policies introduced by <max> or earlier.
Call Stack (most recent call first):
  /usr/local/lib/android/sdk/ndk/27.0.12077973/build/cmake/android.toolchain.cmake:55 (include)
  /home/runner/work/dobby_lua_dump_build/dobby_lua_dump_build/build/CMakeFiles/3.31.6/CMakeSystem.cmake:6 (include)
  /home/runner/work/dobby_lua_dump_build/dobby_lua_dump_build/build/CMakeFiles/CMakeScratch/TryCompile-VPjlMS/CMakeLists.txt:4 (project)


-- Detecting C compiler ABI info - done
-- Check for working C compiler: /usr/local/lib/android/sdk/ndk/27.0.12077973/toolchains/llvm/prebuilt/linux-x86_64/bin/clang - skipped
-- Detecting C compile features
-- Detecting C compile features - done
-- Configuring done (0.1s)
-- Generating done (0.0s)
-- Build files have been written to: /home/runner/work/dobby_lua_dump_build/dobby_lua_dump_build/build
